Total data size: 354334801920, outfile: /mnt/bb/kmehta/data.0, per step block size: 335544320, local_filesize: 59055800320
Rank: 1, step: 0, io time: 0.06
Rank: 2, step: 0, io time: 0.06
Rank: 0, step: 0, io time: 0.06
Rank: 3, step: 0, io time: 0.06
Rank: 4, step: 0, io time: 0.06
Rank: 5, step: 0, io time: 0.06
Rank: 1, step: 1, io time: 0.06
Rank: 2, step: 1, io time: 0.06
Rank: 0, step: 1, io time: 0.06
Rank: 3, step: 1, io time: 0.06
Rank: 4, step: 1, io time: 0.06
Rank: 5, step: 1, io time: 0.06
Rank: 1, step: 2, io time: 0.06
Rank: 2, step: 2, io time: 0.06
Rank: 0, step: 2, io time: 0.06
Rank: 3, step: 2, io time: 0.06
Rank: 4, step: 2, io time: 0.06
Rank: 5, step: 2, io time: 0.06
Rank: 1, step: 3, io time: 0.06
Rank: 2, step: 3, io time: 0.06
Rank: 0, step: 3, io time: 0.06
Rank: 3, step: 3, io time: 0.06
Rank: 4, step: 3, io time: 0.06
Rank: 5, step: 3, io time: 0.06
Rank: 1, step: 4, io time: 0.06
Rank: 2, step: 4, io time: 0.06
Rank: 0, step: 4, io time: 0.06
Rank: 3, step: 4, io time: 0.06
Rank: 4, step: 4, io time: 0.06
Rank: 5, step: 4, io time: 0.06
Rank: 1, step: 5, io time: 0.06
Rank: 2, step: 5, io time: 0.06
Rank: 0, step: 5, io time: 0.06
Rank: 3, step: 5, io time: 0.06
Rank: 4, step: 5, io time: 0.06
Rank: 5, step: 5, io time: 0.06
Rank: 1, step: 6, io time: 0.06
Rank: 2, step: 6, io time: 0.06
Rank: 0, step: 6, io time: 0.06
Rank: 3, step: 6, io time: 0.06
Rank: 4, step: 6, io time: 0.06
Rank: 5, step: 6, io time: 0.06
Rank: 1, step: 7, io time: 0.06
Rank: 0, step: 7, io time: 0.06
Rank: 2, step: 7, io time: 0.06
Rank: 3, step: 7, io time: 0.06
Rank: 4, step: 7, io time: 0.06
Rank: 5, step: 7, io time: 0.06
Rank: 1, step: 8, io time: 0.06
Rank: 0, step: 8, io time: 0.06
Rank: 2, step: 8, io time: 0.06
Rank: 3, step: 8, io time: 0.06
Rank: 4, step: 8, io time: 0.06
Rank: 5, step: 8, io time: 0.06
Rank: 1, step: 9, io time: 0.06
Rank: 2, step: 9, io time: 0.06
Rank: 0, step: 9, io time: 0.06
Rank: 3, step: 9, io time: 0.06
Rank: 4, step: 9, io time: 0.06
Rank: 5, step: 9, io time: 0.06
Rank: 1, step: 10, io time: 0.06
Rank: 2, step: 10, io time: 0.06
Rank: 0, step: 10, io time: 0.06
Rank: 3, step: 10, io time: 0.06
Rank: 4, step: 10, io time: 0.06
Rank: 5, step: 10, io time: 0.06
Rank: 1, step: 11, io time: 0.06
Rank: 2, step: 11, io time: 0.06
Rank: 0, step: 11, io time: 0.06
Rank: 4, step: 11, io time: 0.06
Rank: 3, step: 11, io time: 0.06
Rank: 5, step: 11, io time: 0.06
Rank: 1, step: 12, io time: 0.06
Rank: 2, step: 12, io time: 0.06
Rank: 0, step: 12, io time: 0.06
Rank: 3, step: 12, io time: 0.06
Rank: 4, step: 12, io time: 0.06
Rank: 5, step: 12, io time: 0.06
Rank: 2, step: 13, io time: 0.06
Rank: 1, step: 13, io time: 0.06
Rank: 0, step: 13, io time: 0.06
Rank: 3, step: 13, io time: 0.06
Rank: 4, step: 13, io time: 0.06
Rank: 5, step: 13, io time: 0.06
Rank: 1, step: 14, io time: 0.06
Rank: 2, step: 14, io time: 0.06
Rank: 0, step: 14, io time: 0.06
Rank: 3, step: 14, io time: 0.06
Rank: 4, step: 14, io time: 0.06
Rank: 5, step: 14, io time: 0.06
Rank: 2, step: 15, io time: 0.06
Rank: 1, step: 15, io time: 0.06
Rank: 0, step: 15, io time: 0.06
Rank: 3, step: 15, io time: 0.06
Rank: 4, step: 15, io time: 0.06
Rank: 5, step: 15, io time: 0.06
Rank: 2, step: 16, io time: 0.06
Rank: 1, step: 16, io time: 0.06
Rank: 0, step: 16, io time: 0.06
Rank: 3, step: 16, io time: 0.06
Rank: 4, step: 16, io time: 0.06
Rank: 5, step: 16, io time: 0.06
Rank: 1, step: 17, io time: 0.06
Rank: 2, step: 17, io time: 0.06
Rank: 0, step: 17, io time: 0.06
Rank: 3, step: 17, io time: 0.06
Rank: 4, step: 17, io time: 0.06
Rank: 5, step: 17, io time: 0.06
Rank: 2, step: 18, io time: 0.06
Rank: 1, step: 18, io time: 0.06
Rank: 0, step: 18, io time: 0.06
Rank: 3, step: 18, io time: 0.06
Rank: 4, step: 18, io time: 0.06
Rank: 5, step: 18, io time: 0.06
Rank: 1, step: 19, io time: 0.06
Rank: 2, step: 19, io time: 0.06
Rank: 0, step: 19, io time: 0.06
Rank: 3, step: 19, io time: 0.06
Rank: 4, step: 19, io time: 0.06
Rank: 5, step: 19, io time: 0.06
Rank: 2, step: 20, io time: 0.06
Rank: 1, step: 20, io time: 0.06
Rank: 0, step: 20, io time: 0.06
Rank: 3, step: 20, io time: 0.06
Rank: 4, step: 20, io time: 0.06
Rank: 5, step: 20, io time: 0.06
Rank: 2, step: 21, io time: 0.06
Rank: 1, step: 21, io time: 0.06
Rank: 0, step: 21, io time: 0.06
Rank: 3, step: 21, io time: 0.06
Rank: 4, step: 21, io time: 0.06
Rank: 5, step: 21, io time: 0.06
Rank: 2, step: 22, io time: 0.06
Rank: 1, step: 22, io time: 0.06
Rank: 0, step: 22, io time: 0.06
Rank: 3, step: 22, io time: 0.06
Rank: 4, step: 22, io time: 0.06
Rank: 5, step: 22, io time: 0.06
Rank: 1, step: 23, io time: 0.06
Rank: 2, step: 23, io time: 0.06
Rank: 0, step: 23, io time: 0.06
Rank: 3, step: 23, io time: 0.06
Rank: 4, step: 23, io time: 0.06
Rank: 5, step: 23, io time: 0.06
Rank: 2, step: 24, io time: 0.06
Rank: 1, step: 24, io time: 0.06
Rank: 0, step: 24, io time: 0.06
Rank: 4, step: 24, io time: 0.06
Rank: 3, step: 24, io time: 0.06
Rank: 5, step: 24, io time: 0.06
Rank: 1, step: 25, io time: 0.06
Rank: 2, step: 25, io time: 0.06
Rank: 0, step: 25, io time: 0.06
Rank: 4, step: 25, io time: 0.06
Rank: 3, step: 25, io time: 0.06
Rank: 5, step: 25, io time: 0.06
Rank: 1, step: 26, io time: 0.06
Rank: 2, step: 26, io time: 0.06
Rank: 0, step: 26, io time: 0.06
Rank: 3, step: 26, io time: 0.06
Rank: 4, step: 26, io time: 0.06
Rank: 5, step: 26, io time: 0.06
Rank: 1, step: 27, io time: 0.06
Rank: 2, step: 27, io time: 0.06
Rank: 0, step: 27, io time: 0.06
Rank: 3, step: 27, io time: 0.06
Rank: 4, step: 27, io time: 0.06
Rank: 5, step: 27, io time: 0.06
Rank: 1, step: 28, io time: 0.06
Rank: 2, step: 28, io time: 0.06
Rank: 0, step: 28, io time: 0.06
Rank: 3, step: 28, io time: 0.06
Rank: 4, step: 28, io time: 0.06
Rank: 5, step: 28, io time: 0.06
Rank: 1, step: 29, io time: 0.06
Rank: 2, step: 29, io time: 0.06
Rank: 0, step: 29, io time: 0.06
Rank: 3, step: 29, io time: 0.06
Rank: 4, step: 29, io time: 0.06
Rank: 5, step: 29, io time: 0.06
Rank: 1, step: 30, io time: 0.06
Rank: 2, step: 30, io time: 0.06
Rank: 0, step: 30, io time: 0.06
Rank: 3, step: 30, io time: 0.06
Rank: 4, step: 30, io time: 0.06
Rank: 5, step: 30, io time: 0.06
Rank: 1, step: 31, io time: 0.06
Rank: 2, step: 31, io time: 0.06
Rank: 0, step: 31, io time: 0.06
Rank: 3, step: 31, io time: 0.06
Rank: 4, step: 31, io time: 0.06
Rank: 5, step: 31, io time: 0.06
Rank: 1, step: 32, io time: 0.06
Rank: 2, step: 32, io time: 0.06
Rank: 0, step: 32, io time: 0.06
Rank: 3, step: 32, io time: 0.06
Rank: 4, step: 32, io time: 0.06
Rank: 5, step: 32, io time: 0.06
Rank: 1, step: 33, io time: 0.06
Rank: 2, step: 33, io time: 0.06
Rank: 0, step: 33, io time: 0.06
Rank: 3, step: 33, io time: 0.06
Rank: 4, step: 33, io time: 0.06
Rank: 5, step: 33, io time: 0.06
Rank: 1, step: 34, io time: 0.06
Rank: 2, step: 34, io time: 0.06
Rank: 0, step: 34, io time: 0.06
Rank: 3, step: 34, io time: 0.06
Rank: 4, step: 34, io time: 0.06
Rank: 5, step: 34, io time: 0.06
Rank: 1, step: 35, io time: 0.06
Rank: 2, step: 35, io time: 0.06
Rank: 0, step: 35, io time: 0.06
Rank: 3, step: 35, io time: 0.06
Rank: 4, step: 35, io time: 0.06
Rank: 5, step: 35, io time: 0.06
Rank: 1, step: 36, io time: 0.06
Rank: 2, step: 36, io time: 0.06
Rank: 0, step: 36, io time: 0.06
Rank: 3, step: 36, io time: 0.06
Rank: 4, step: 36, io time: 0.06
Rank: 5, step: 36, io time: 0.06
Rank: 1, step: 37, io time: 0.06
Rank: 2, step: 37, io time: 0.06
Rank: 0, step: 37, io time: 0.06
Rank: 3, step: 37, io time: 0.06
Rank: 4, step: 37, io time: 0.06
Rank: 5, step: 37, io time: 0.07
Rank: 1, step: 38, io time: 0.06
Rank: 2, step: 38, io time: 0.06
Rank: 0, step: 38, io time: 0.06
Rank: 3, step: 38, io time: 0.06
Rank: 4, step: 38, io time: 0.06
Rank: 5, step: 38, io time: 0.06
Rank: 1, step: 39, io time: 0.06
Rank: 2, step: 39, io time: 0.06
Rank: 0, step: 39, io time: 0.06
Rank: 3, step: 39, io time: 0.06
Rank: 4, step: 39, io time: 0.06
Rank: 5, step: 39, io time: 0.06
Rank: 1, step: 40, io time: 0.06
Rank: 2, step: 40, io time: 0.06
Rank: 0, step: 40, io time: 0.06
Rank: 3, step: 40, io time: 0.06
Rank: 4, step: 40, io time: 0.06
Rank: 5, step: 40, io time: 0.06
Rank: 1, step: 41, io time: 0.06
Rank: 2, step: 41, io time: 0.06
Rank: 0, step: 41, io time: 0.06
Rank: 3, step: 41, io time: 0.06
Rank: 4, step: 41, io time: 0.06
Rank: 5, step: 41, io time: 0.06
Rank: 1, step: 42, io time: 0.06
Rank: 2, step: 42, io time: 0.06
Rank: 0, step: 42, io time: 0.06
Rank: 3, step: 42, io time: 0.06
Rank: 4, step: 42, io time: 0.06
Rank: 5, step: 42, io time: 0.06
Rank: 1, step: 43, io time: 0.06
Rank: 2, step: 43, io time: 0.06
Rank: 0, step: 43, io time: 0.06
Rank: 3, step: 43, io time: 0.06
Rank: 4, step: 43, io time: 0.06
Rank: 5, step: 43, io time: 0.06
Rank: 1, step: 44, io time: 0.21
Rank: 2, step: 44, io time: 0.22
Rank: 0, step: 44, io time: 0.22
Rank: 3, step: 44, io time: 0.36
Rank: 4, step: 44, io time: 0.40
Rank: 5, step: 44, io time: 0.46
Rank: 1, step: 45, io time: 0.45
Rank: 2, step: 45, io time: 0.49
Rank: 0, step: 45, io time: 0.49
Rank: 3, step: 45, io time: 0.49
Rank: 4, step: 45, io time: 0.45
Rank: 5, step: 45, io time: 0.41
Rank: 1, step: 46, io time: 0.56
Rank: 2, step: 46, io time: 0.64
Rank: 0, step: 46, io time: 0.64
Rank: 3, step: 46, io time: 0.63
Rank: 4, step: 46, io time: 0.66
Rank: 5, step: 46, io time: 0.65
Rank: 1, step: 47, io time: 0.51
Rank: 2, step: 47, io time: 0.45
Rank: 0, step: 47, io time: 0.45
Rank: 3, step: 47, io time: 0.45
Rank: 5, step: 47, io time: 0.42
Rank: 4, step: 47, io time: 0.45
Rank: 1, step: 48, io time: 0.49
Rank: 0, step: 48, io time: 0.54
Rank: 2, step: 48, io time: 0.54
Rank: 3, step: 48, io time: 0.51
Rank: 4, step: 48, io time: 0.51
Rank: 5, step: 48, io time: 0.52
Rank: 1, step: 49, io time: 0.51
Rank: 2, step: 49, io time: 0.54
Rank: 0, step: 49, io time: 0.54
Rank: 3, step: 49, io time: 0.69
Rank: 5, step: 49, io time: 0.72
Rank: 4, step: 49, io time: 0.72
Rank: 1, step: 50, io time: 0.73
Rank: 0, step: 50, io time: 0.70
Rank: 2, step: 50, io time: 0.70
Rank: 3, step: 50, io time: 0.67
Rank: 5, step: 50, io time: 0.64
Rank: 4, step: 50, io time: 0.64
Rank: 1, step: 51, io time: 0.69
Rank: 2, step: 51, io time: 0.69
Rank: 0, step: 51, io time: 0.69
Rank: 3, step: 51, io time: 0.66
Rank: 5, step: 51, io time: 0.69
Rank: 4, step: 51, io time: 0.69
Rank: 1, step: 52, io time: 0.66
Rank: 2, step: 52, io time: 0.66
Rank: 0, step: 52, io time: 0.66
Rank: 3, step: 52, io time: 0.66
Rank: 5, step: 52, io time: 0.63
Rank: 4, step: 52, io time: 0.63
Rank: 1, step: 53, io time: 0.63
Rank: 2, step: 53, io time: 0.63
Rank: 0, step: 53, io time: 0.63
Rank: 3, step: 53, io time: 0.60
Rank: 5, step: 53, io time: 0.60
Rank: 4, step: 53, io time: 0.60
Rank: 1, step: 54, io time: 0.60
Rank: 2, step: 54, io time: 0.60
Rank: 0, step: 54, io time: 0.60
Rank: 3, step: 54, io time: 0.63
Rank: 5, step: 54, io time: 0.63
Rank: 4, step: 54, io time: 0.63
Rank: 1, step: 55, io time: 0.63
Rank: 0, step: 55, io time: 0.63
Rank: 2, step: 55, io time: 0.63
Rank: 3, step: 55, io time: 0.60
Rank: 5, step: 55, io time: 0.63
Rank: 4, step: 55, io time: 0.63
Rank: 1, step: 56, io time: 0.60
Rank: 2, step: 56, io time: 0.60
Rank: 0, step: 56, io time: 0.60
Rank: 3, step: 56, io time: 0.63
Rank: 5, step: 56, io time: 0.60
Rank: 4, step: 56, io time: 0.60
Rank: 1, step: 57, io time: 0.63
Rank: 2, step: 57, io time: 0.63
Rank: 0, step: 57, io time: 0.63
Rank: 3, step: 57, io time: 0.60
Rank: 5, step: 57, io time: 0.63
Rank: 4, step: 57, io time: 0.63
Rank: 1, step: 58, io time: 0.63
Rank: 2, step: 58, io time: 0.63
Rank: 0, step: 58, io time: 0.63
Rank: 3, step: 58, io time: 0.63
Rank: 4, step: 58, io time: 0.60
Rank: 5, step: 58, io time: 0.60
Rank: 1, step: 59, io time: 0.60
Rank: 2, step: 59, io time: 0.60
Rank: 0, step: 59, io time: 0.60
Rank: 3, step: 59, io time: 0.63
Rank: 5, step: 59, io time: 0.63
Rank: 4, step: 59, io time: 0.63
Rank: 1, step: 60, io time: 0.63
Rank: 0, step: 60, io time: 0.63
Rank: 2, step: 60, io time: 0.63
Rank: 3, step: 60, io time: 0.60
Rank: 5, step: 60, io time: 0.60
Rank: 4, step: 60, io time: 0.60
Rank: 1, step: 61, io time: 0.60
Rank: 2, step: 61, io time: 0.60
Rank: 0, step: 61, io time: 0.60
Rank: 3, step: 61, io time: 0.63
Rank: 4, step: 61, io time: 0.63
Rank: 5, step: 61, io time: 0.63
Rank: 1, step: 62, io time: 0.76
Rank: 2, step: 62, io time: 0.83
Rank: 0, step: 62, io time: 0.83
Rank: 3, step: 62, io time: 0.85
Rank: 5, step: 62, io time: 0.85
Rank: 4, step: 62, io time: 0.85
Rank: 1, step: 63, io time: 0.85
Rank: 0, step: 63, io time: 0.90
Rank: 2, step: 63, io time: 0.90
Rank: 3, step: 63, io time: 0.90
Rank: 5, step: 63, io time: 0.90
Rank: 4, step: 63, io time: 0.90
Rank: 1, step: 64, io time: 0.88
Rank: 0, step: 64, io time: 0.75
Rank: 2, step: 64, io time: 0.75
Rank: 3, step: 64, io time: 0.80
Rank: 5, step: 64, io time: 0.85
Rank: 4, step: 64, io time: 0.85
Rank: 1, step: 65, io time: 0.87
Rank: 0, step: 65, io time: 0.92
Rank: 2, step: 65, io time: 0.92
Rank: 3, step: 65, io time: 0.92
Rank: 5, step: 65, io time: 0.92
Rank: 4, step: 65, io time: 0.92
Rank: 1, step: 66, io time: 0.92
Rank: 0, step: 66, io time: 0.92
Rank: 2, step: 66, io time: 0.92
Rank: 3, step: 66, io time: 0.92
Rank: 5, step: 66, io time: 0.88
Rank: 4, step: 66, io time: 0.88
Rank: 1, step: 67, io time: 0.88
Rank: 2, step: 67, io time: 0.88
Rank: 0, step: 67, io time: 0.88
Rank: 3, step: 67, io time: 0.92
Rank: 5, step: 67, io time: 0.92
Rank: 4, step: 67, io time: 0.92
Rank: 1, step: 68, io time: 0.92
Rank: 2, step: 68, io time: 0.92
Rank: 0, step: 68, io time: 0.92
Rank: 3, step: 68, io time: 0.88
Rank: 5, step: 68, io time: 0.92
Rank: 4, step: 68, io time: 0.92
Rank: 1, step: 69, io time: 0.88
Rank: 2, step: 69, io time: 0.92
Rank: 0, step: 69, io time: 0.92
Rank: 3, step: 69, io time: 0.92
Rank: 5, step: 69, io time: 0.88
Rank: 4, step: 69, io time: 0.88
Rank: 1, step: 70, io time: 1.04
Rank: 0, step: 70, io time: 0.88
Rank: 2, step: 70, io time: 0.88
Rank: 3, step: 70, io time: 0.88
Rank: 5, step: 70, io time: 0.92
Rank: 4, step: 70, io time: 0.92
Rank: 1, step: 71, io time: 0.88
Rank: 0, step: 71, io time: 0.92
Rank: 2, step: 71, io time: 0.92
Rank: 3, step: 71, io time: 0.92
Rank: 5, step: 71, io time: 0.88
Rank: 4, step: 71, io time: 0.88
Rank: 1, step: 72, io time: 0.92
Rank: 2, step: 72, io time: 0.88
Rank: 0, step: 72, io time: 0.88
Rank: 3, step: 72, io time: 0.88
Rank: 5, step: 72, io time: 0.88
Rank: 4, step: 72, io time: 0.88
Rank: 1, step: 73, io time: 0.88
Rank: 2, step: 73, io time: 0.88
Rank: 0, step: 73, io time: 0.88
Rank: 3, step: 73, io time: 0.88
Rank: 5, step: 73, io time: 0.92
Rank: 4, step: 73, io time: 0.92
Rank: 1, step: 74, io time: 0.88
Rank: 0, step: 74, io time: 0.92
Rank: 2, step: 74, io time: 0.92
Rank: 3, step: 74, io time: 0.92
Rank: 5, step: 74, io time: 0.88
Rank: 4, step: 74, io time: 0.88
Rank: 1, step: 75, io time: 0.88
Rank: 0, step: 75, io time: 0.88
Rank: 2, step: 75, io time: 0.88
Rank: 3, step: 75, io time: 0.88
Rank: 5, step: 75, io time: 0.88
Rank: 4, step: 75, io time: 0.88
Rank: 1, step: 76, io time: 0.92
Rank: 2, step: 76, io time: 0.88
Rank: 0, step: 76, io time: 0.88
Rank: 3, step: 76, io time: 0.88
Rank: 5, step: 76, io time: 0.88
Rank: 4, step: 76, io time: 0.88
Rank: 1, step: 77, io time: 0.88
Rank: 2, step: 77, io time: 0.88
Rank: 0, step: 77, io time: 0.88
Rank: 3, step: 77, io time: 0.88
Rank: 5, step: 77, io time: 0.88
Rank: 4, step: 77, io time: 0.88
Rank: 1, step: 78, io time: 0.88
Rank: 0, step: 78, io time: 0.88
Rank: 2, step: 78, io time: 0.88
Rank: 3, step: 78, io time: 0.88
Rank: 5, step: 78, io time: 0.88
Rank: 4, step: 78, io time: 0.88
Rank: 1, step: 79, io time: 0.88
Rank: 0, step: 79, io time: 0.88
Rank: 2, step: 79, io time: 0.88
Rank: 3, step: 79, io time: 0.88
Rank: 5, step: 79, io time: 0.88
Rank: 4, step: 79, io time: 0.88
Rank: 1, step: 80, io time: 0.88
Rank: 2, step: 80, io time: 0.90
Rank: 0, step: 80, io time: 0.90
Rank: 3, step: 80, io time: 0.90
Rank: 5, step: 80, io time: 0.90
Rank: 4, step: 80, io time: 0.90
Rank: 1, step: 81, io time: 0.88
Rank: 2, step: 81, io time: 0.88
Rank: 0, step: 81, io time: 0.88
Rank: 3, step: 81, io time: 0.88
Rank: 5, step: 81, io time: 0.88
Rank: 4, step: 81, io time: 0.88
Rank: 1, step: 82, io time: 0.88
Rank: 2, step: 82, io time: 0.88
Rank: 0, step: 82, io time: 0.88
Rank: 3, step: 82, io time: 0.88
Rank: 5, step: 82, io time: 0.88
Rank: 4, step: 82, io time: 0.88
Rank: 1, step: 83, io time: 0.88
Rank: 0, step: 83, io time: 0.88
Rank: 2, step: 83, io time: 0.88
Rank: 3, step: 83, io time: 0.88
Rank: 4, step: 83, io time: 0.88
Rank: 5, step: 83, io time: 0.88
Rank: 1, step: 84, io time: 0.88
Rank: 0, step: 84, io time: 0.88
Rank: 2, step: 84, io time: 0.88
Rank: 3, step: 84, io time: 0.88
Rank: 5, step: 84, io time: 0.88
Rank: 4, step: 84, io time: 0.88
Rank: 1, step: 85, io time: 0.88
Rank: 2, step: 85, io time: 0.88
Rank: 0, step: 85, io time: 0.88
Rank: 3, step: 85, io time: 0.88
Rank: 5, step: 85, io time: 0.88
Rank: 4, step: 85, io time: 0.88
Rank: 1, step: 86, io time: 0.88
Rank: 0, step: 86, io time: 0.88
Rank: 2, step: 86, io time: 0.88
Rank: 3, step: 86, io time: 0.88
Rank: 5, step: 86, io time: 0.88
Rank: 4, step: 86, io time: 0.88
Rank: 1, step: 87, io time: 0.90
Rank: 0, step: 87, io time: 0.92
Rank: 2, step: 87, io time: 0.92
Rank: 3, step: 87, io time: 0.92
Rank: 5, step: 87, io time: 0.92
Rank: 4, step: 87, io time: 0.96
Rank: 1, step: 88, io time: 0.88
Rank: 2, step: 88, io time: 0.88
Rank: 0, step: 88, io time: 0.88
Rank: 3, step: 88, io time: 0.88
Rank: 5, step: 88, io time: 0.92
Rank: 4, step: 88, io time: 0.88
Rank: 1, step: 89, io time: 0.94
Rank: 0, step: 89, io time: 0.94
Rank: 2, step: 89, io time: 0.94
Rank: 3, step: 89, io time: 0.94
Rank: 5, step: 89, io time: 0.94
Rank: 4, step: 89, io time: 0.94
Rank: 1, step: 90, io time: 0.89
Rank: 0, step: 90, io time: 0.89
Rank: 2, step: 90, io time: 0.89
Rank: 3, step: 90, io time: 0.89
Rank: 5, step: 90, io time: 0.89
Rank: 4, step: 90, io time: 0.89
Rank: 1, step: 91, io time: 0.95
Rank: 0, step: 91, io time: 0.91
Rank: 2, step: 91, io time: 0.91
Rank: 3, step: 91, io time: 0.91
Rank: 5, step: 91, io time: 0.91
Rank: 4, step: 91, io time: 0.91
Rank: 1, step: 92, io time: 0.91
Rank: 0, step: 92, io time: 0.95
Rank: 2, step: 92, io time: 0.95
Rank: 3, step: 92, io time: 0.91
Rank: 5, step: 92, io time: 0.91
Rank: 4, step: 92, io time: 0.91
Rank: 1, step: 93, io time: 0.91
Rank: 0, step: 93, io time: 0.91
Rank: 2, step: 93, io time: 0.91
Rank: 3, step: 93, io time: 0.96
Rank: 4, step: 93, io time: 0.88
Rank: 5, step: 93, io time: 0.88
Rank: 1, step: 94, io time: 0.86
Rank: 2, step: 94, io time: 0.88
Rank: 0, step: 94, io time: 0.88
Rank: 3, step: 94, io time: 0.87
Rank: 5, step: 94, io time: 0.91
Rank: 4, step: 94, io time: 0.91
Rank: 1, step: 95, io time: 0.90
Rank: 0, step: 95, io time: 0.88
Rank: 2, step: 95, io time: 0.88
Rank: 3, step: 95, io time: 0.88
Rank: 5, step: 95, io time: 0.92
Rank: 4, step: 95, io time: 0.92
Rank: 1, step: 96, io time: 0.88
Rank: 0, step: 96, io time: 0.88
Rank: 2, step: 96, io time: 0.88
Rank: 3, step: 96, io time: 0.90
Rank: 5, step: 96, io time: 0.90
Rank: 4, step: 96, io time: 0.90
Rank: 1, step: 97, io time: 0.90
Rank: 0, step: 97, io time: 0.90
Rank: 2, step: 97, io time: 0.90
Rank: 3, step: 97, io time: 0.88
Rank: 5, step: 97, io time: 0.88
Rank: 4, step: 97, io time: 0.88
Rank: 1, step: 98, io time: 0.92
Rank: 2, step: 98, io time: 0.88
Rank: 0, step: 98, io time: 0.88
Rank: 3, step: 98, io time: 0.91
Rank: 4, step: 98, io time: 0.93
Rank: 5, step: 98, io time: 0.93
Rank: 1, step: 99, io time: 0.93
Rank: 2, step: 99, io time: 0.93
Rank: 0, step: 99, io time: 0.93
Rank: 3, step: 99, io time: 0.90
Rank: 4, step: 99, io time: 0.90
Rank: 5, step: 99, io time: 0.90
Rank: 1, step: 100, io time: 0.90
Rank: 2, step: 100, io time: 0.94
Rank: 0, step: 100, io time: 0.94
Rank: 3, step: 100, io time: 0.94
Rank: 5, step: 100, io time: 0.88
Rank: 4, step: 100, io time: 0.88
Rank: 1, step: 101, io time: 0.91
Rank: 2, step: 101, io time: 0.91
Rank: 0, step: 101, io time: 0.91
Rank: 3, step: 101, io time: 0.92
Rank: 5, step: 101, io time: 0.92
Rank: 4, step: 101, io time: 0.92
Rank: 1, step: 102, io time: 0.90
Rank: 2, step: 102, io time: 0.90
Rank: 0, step: 102, io time: 0.90
Rank: 3, step: 102, io time: 0.92
Rank: 5, step: 102, io time: 0.92
Rank: 4, step: 102, io time: 0.92
Rank: 1, step: 103, io time: 0.88
Rank: 0, step: 103, io time: 0.88
Rank: 2, step: 103, io time: 0.88
Rank: 3, step: 103, io time: 0.88
Rank: 5, step: 103, io time: 0.88
Rank: 4, step: 103, io time: 0.88
Rank: 1, step: 104, io time: 0.92
Rank: 2, step: 104, io time: 0.92
Rank: 0, step: 104, io time: 0.92
Rank: 3, step: 104, io time: 0.92
Rank: 5, step: 104, io time: 0.92
Rank: 4, step: 104, io time: 0.92
Rank: 1, step: 105, io time: 0.92
Rank: 2, step: 105, io time: 0.92
Rank: 0, step: 105, io time: 0.92
Rank: 3, step: 105, io time: 0.92
Rank: 5, step: 105, io time: 0.92
Rank: 4, step: 105, io time: 0.92
Rank: 1, step: 106, io time: 0.92
Rank: 0, step: 106, io time: 0.94
Rank: 2, step: 106, io time: 0.94
Rank: 3, step: 106, io time: 0.93
Rank: 5, step: 106, io time: 0.93
Rank: 4, step: 106, io time: 0.93
Rank: 1, step: 107, io time: 0.90
Rank: 2, step: 107, io time: 0.88
Rank: 0, step: 107, io time: 0.88
Rank: 3, step: 107, io time: 0.88
Rank: 5, step: 107, io time: 0.88
Rank: 4, step: 107, io time: 0.88
Rank: 1, step: 108, io time: 0.88
Rank: 0, step: 108, io time: 0.88
Rank: 2, step: 108, io time: 0.88
Rank: 3, step: 108, io time: 0.91
Rank: 5, step: 108, io time: 0.95
Rank: 4, step: 108, io time: 0.95
Rank: 1, step: 109, io time: 0.94
Rank: 0, step: 109, io time: 0.90
Rank: 2, step: 109, io time: 0.90
Rank: 3, step: 109, io time: 0.92
Rank: 5, step: 109, io time: 0.92
Rank: 4, step: 109, io time: 0.92
Rank: 1, step: 110, io time: 0.94
Rank: 2, step: 110, io time: 0.94
Rank: 0, step: 110, io time: 0.94
Rank: 3, step: 110, io time: 0.94
Rank: 5, step: 110, io time: 0.94
Rank: 4, step: 110, io time: 0.94
Rank: 1, step: 111, io time: 0.88
Rank: 2, step: 111, io time: 0.92
Rank: 0, step: 111, io time: 0.92
Rank: 3, step: 111, io time: 0.88
Rank: 5, step: 111, io time: 0.84
Rank: 4, step: 111, io time: 0.88
Rank: 1, step: 112, io time: 0.88
Rank: 2, step: 112, io time: 0.88
Rank: 0, step: 112, io time: 0.88
Rank: 3, step: 112, io time: 0.88
Rank: 5, step: 112, io time: 0.88
Rank: 4, step: 112, io time: 0.84
Rank: 1, step: 113, io time: 0.88
Rank: 2, step: 113, io time: 0.88
Rank: 0, step: 113, io time: 0.88
Rank: 3, step: 113, io time: 0.88
Rank: 5, step: 113, io time: 0.88
Rank: 4, step: 113, io time: 0.88
Rank: 1, step: 114, io time: 0.88
Rank: 0, step: 114, io time: 0.88
Rank: 2, step: 114, io time: 0.88
Rank: 3, step: 114, io time: 0.88
Rank: 4, step: 114, io time: 0.88
Rank: 5, step: 114, io time: 0.88
Rank: 1, step: 115, io time: 1.00
Rank: 0, step: 115, io time: 1.00
Rank: 2, step: 115, io time: 1.00
Rank: 3, step: 115, io time: 1.00
Rank: 5, step: 115, io time: 1.00
Rank: 4, step: 115, io time: 1.00
Rank: 1, step: 116, io time: 0.91
Rank: 0, step: 116, io time: 0.91
Rank: 2, step: 116, io time: 0.92
Rank: 3, step: 116, io time: 0.92
Rank: 5, step: 116, io time: 0.92
Rank: 4, step: 116, io time: 0.92
Rank: 1, step: 117, io time: 0.94
Rank: 2, step: 117, io time: 0.92
Rank: 0, step: 117, io time: 0.94
Rank: 3, step: 117, io time: 0.93
Rank: 5, step: 117, io time: 0.97
Rank: 4, step: 117, io time: 0.97
Rank: 1, step: 118, io time: 0.94
Rank: 2, step: 118, io time: 0.90
Rank: 0, step: 118, io time: 0.90
Rank: 3, step: 118, io time: 0.93
Rank: 5, step: 118, io time: 0.93
Rank: 4, step: 118, io time: 0.93
Rank: 1, step: 119, io time: 0.84
Rank: 2, step: 119, io time: 0.88
Rank: 0, step: 119, io time: 0.88
Rank: 3, step: 119, io time: 0.88
Rank: 5, step: 119, io time: 0.88
Rank: 4, step: 119, io time: 0.88
Rank: 1, step: 120, io time: 0.92
Rank: 2, step: 120, io time: 0.92
Rank: 0, step: 120, io time: 0.92
Rank: 3, step: 120, io time: 0.91
Rank: 4, step: 120, io time: 0.87
Rank: 5, step: 120, io time: 0.87
Rank: 1, step: 121, io time: 0.90
Rank: 2, step: 121, io time: 0.90
Rank: 0, step: 121, io time: 0.90
Rank: 3, step: 121, io time: 0.92
Rank: 5, step: 121, io time: 0.92
Rank: 4, step: 121, io time: 0.92
Rank: 1, step: 122, io time: 0.90
Rank: 2, step: 122, io time: 0.90
Rank: 0, step: 122, io time: 0.90
Rank: 3, step: 122, io time: 0.90
Rank: 5, step: 122, io time: 0.90
Rank: 4, step: 122, io time: 0.90
Rank: 1, step: 123, io time: 0.92
Rank: 2, step: 123, io time: 0.92
Rank: 0, step: 123, io time: 0.92
Rank: 3, step: 123, io time: 0.92
Rank: 5, step: 123, io time: 0.92
Rank: 4, step: 123, io time: 0.92
Rank: 1, step: 124, io time: 0.88
Rank: 2, step: 124, io time: 0.88
Rank: 0, step: 124, io time: 0.88
Rank: 3, step: 124, io time: 0.88
Rank: 5, step: 124, io time: 0.88
Rank: 4, step: 124, io time: 0.88
Rank: 1, step: 125, io time: 0.88
Rank: 2, step: 125, io time: 0.90
Rank: 0, step: 125, io time: 0.90
Rank: 3, step: 125, io time: 0.88
Rank: 5, step: 125, io time: 0.92
Rank: 4, step: 125, io time: 0.92
Rank: 1, step: 126, io time: 0.92
Rank: 2, step: 126, io time: 0.86
Rank: 0, step: 126, io time: 0.86
Rank: 3, step: 126, io time: 0.92
Rank: 5, step: 126, io time: 0.92
Rank: 4, step: 126, io time: 0.92
Rank: 1, step: 127, io time: 0.88
Rank: 2, step: 127, io time: 0.92
Rank: 0, step: 127, io time: 0.92
Rank: 3, step: 127, io time: 0.92
Rank: 5, step: 127, io time: 0.92
Rank: 4, step: 127, io time: 0.92
Rank: 1, step: 128, io time: 0.92
Rank: 2, step: 128, io time: 0.92
Rank: 0, step: 128, io time: 0.92
Rank: 3, step: 128, io time: 0.88
Rank: 5, step: 128, io time: 0.84
Rank: 4, step: 128, io time: 0.84
Rank: 1, step: 129, io time: 0.88
Rank: 2, step: 129, io time: 0.88
Rank: 0, step: 129, io time: 0.88
Rank: 3, step: 129, io time: 0.89
Rank: 5, step: 129, io time: 0.91
Rank: 4, step: 129, io time: 0.91
Rank: 1, step: 130, io time: 0.92
Rank: 2, step: 130, io time: 0.93
Rank: 0, step: 130, io time: 0.92
Rank: 3, step: 130, io time: 0.92
Rank: 5, step: 130, io time: 0.90
Rank: 4, step: 130, io time: 0.90
Rank: 1, step: 131, io time: 0.92
Rank: 0, step: 131, io time: 0.92
Rank: 2, step: 131, io time: 0.92
Rank: 3, step: 131, io time: 0.92
Rank: 5, step: 131, io time: 0.92
Rank: 4, step: 131, io time: 0.92
Rank: 1, step: 132, io time: 0.93
Rank: 0, step: 132, io time: 0.93
Rank: 2, step: 132, io time: 0.93
Rank: 3, step: 132, io time: 0.89
Rank: 5, step: 132, io time: 0.93
Rank: 4, step: 132, io time: 0.93
Rank: 1, step: 133, io time: 0.89
Rank: 2, step: 133, io time: 0.89
Rank: 0, step: 133, io time: 0.89
Rank: 3, step: 133, io time: 0.93
Rank: 5, step: 133, io time: 0.89
Rank: 4, step: 133, io time: 0.89
Rank: 1, step: 134, io time: 0.88
Rank: 0, step: 134, io time: 0.88
Rank: 2, step: 134, io time: 0.88
Rank: 3, step: 134, io time: 0.88
Rank: 5, step: 134, io time: 0.88
Rank: 4, step: 134, io time: 0.88
Rank: 1, step: 135, io time: 0.94
Rank: 0, step: 135, io time: 0.94
Rank: 2, step: 135, io time: 0.94
Rank: 3, step: 135, io time: 0.90
Rank: 5, step: 135, io time: 0.94
Rank: 4, step: 135, io time: 0.94
Rank: 1, step: 136, io time: 0.84
Rank: 0, step: 136, io time: 0.84
Rank: 2, step: 136, io time: 0.84
Rank: 3, step: 136, io time: 0.90
Rank: 5, step: 136, io time: 0.84
Rank: 4, step: 136, io time: 0.84
Rank: 1, step: 137, io time: 0.88
Rank: 2, step: 137, io time: 0.88
Rank: 0, step: 137, io time: 0.88
Rank: 3, step: 137, io time: 0.86
Rank: 5, step: 137, io time: 0.90
Rank: 4, step: 137, io time: 0.90
Rank: 1, step: 138, io time: 0.90
Rank: 2, step: 138, io time: 0.90
Rank: 0, step: 138, io time: 0.90
Rank: 3, step: 138, io time: 0.88
Rank: 5, step: 138, io time: 0.88
Rank: 4, step: 138, io time: 0.88
Rank: 1, step: 139, io time: 0.88
Rank: 0, step: 139, io time: 0.84
Rank: 2, step: 139, io time: 0.84
Rank: 3, step: 139, io time: 0.88
Rank: 5, step: 139, io time: 0.88
Rank: 4, step: 139, io time: 0.88
Rank: 1, step: 140, io time: 0.84
Rank: 0, step: 140, io time: 0.88
Rank: 2, step: 140, io time: 0.88
Rank: 3, step: 140, io time: 0.84
Rank: 5, step: 140, io time: 0.84
Rank: 4, step: 140, io time: 0.84
Rank: 1, step: 141, io time: 0.97
Rank: 0, step: 141, io time: 0.97
Rank: 2, step: 141, io time: 0.97
Rank: 3, step: 141, io time: 0.98
Rank: 5, step: 141, io time: 0.97
Rank: 4, step: 141, io time: 0.97
Rank: 1, step: 142, io time: 0.88
Rank: 2, step: 142, io time: 0.85
Rank: 0, step: 142, io time: 0.85
Rank: 3, step: 142, io time: 0.98
Rank: 5, step: 142, io time: 0.99
Rank: 4, step: 142, io time: 0.99
Rank: 1, step: 143, io time: 0.95
Rank: 2, step: 143, io time: 0.98
Rank: 0, step: 143, io time: 0.98
Rank: 3, step: 143, io time: 0.92
Rank: 5, step: 143, io time: 0.93
Rank: 4, step: 143, io time: 0.93
Rank: 1, step: 144, io time: 0.97
Rank: 0, step: 144, io time: 0.97
Rank: 2, step: 144, io time: 0.97
Rank: 3, step: 144, io time: 0.90
Rank: 5, step: 144, io time: 0.89
Rank: 4, step: 144, io time: 0.89
Rank: 1, step: 145, io time: 0.89
Rank: 2, step: 145, io time: 0.89
Rank: 0, step: 145, io time: 0.89
Rank: 3, step: 145, io time: 0.94
Rank: 5, step: 145, io time: 0.95
Rank: 4, step: 145, io time: 0.95
Rank: 1, step: 146, io time: 0.91
Rank: 0, step: 146, io time: 0.91
Rank: 2, step: 146, io time: 0.91
Rank: 3, step: 146, io time: 0.90
Rank: 5, step: 146, io time: 0.84
Rank: 4, step: 146, io time: 0.84
Rank: 1, step: 147, io time: 0.88
Rank: 0, step: 147, io time: 0.88
Rank: 2, step: 147, io time: 0.88
Rank: 3, step: 147, io time: 0.84
Rank: 5, step: 147, io time: 0.88
Rank: 4, step: 147, io time: 0.88
Rank: 1, step: 148, io time: 0.96
Rank: 2, step: 148, io time: 0.96
Rank: 0, step: 148, io time: 0.96
Rank: 3, step: 148, io time: 0.94
Rank: 5, step: 148, io time: 0.96
Rank: 4, step: 148, io time: 0.96
Rank: 1, step: 149, io time: 0.94
Rank: 2, step: 149, io time: 0.90
Rank: 0, step: 149, io time: 0.90
Rank: 3, step: 149, io time: 0.94
Rank: 5, step: 149, io time: 0.90
Rank: 4, step: 149, io time: 0.94
Rank: 1, step: 150, io time: 0.90
Rank: 0, step: 150, io time: 0.94
Rank: 2, step: 150, io time: 0.94
Rank: 3, step: 150, io time: 0.88
Rank: 5, step: 150, io time: 0.94
Rank: 4, step: 150, io time: 0.90
Rank: 1, step: 151, io time: 0.93
Rank: 0, step: 151, io time: 0.93
Rank: 2, step: 151, io time: 0.93
Rank: 3, step: 151, io time: 0.92
Rank: 5, step: 151, io time: 0.93
Rank: 4, step: 151, io time: 0.93
Rank: 1, step: 152, io time: 0.92
Rank: 2, step: 152, io time: 0.88
Rank: 0, step: 152, io time: 0.88
Rank: 3, step: 152, io time: 0.92
Rank: 5, step: 152, io time: 0.92
Rank: 4, step: 152, io time: 0.92
Rank: 1, step: 153, io time: 0.84
Rank: 2, step: 153, io time: 0.90
Rank: 0, step: 153, io time: 0.90
Rank: 3, step: 153, io time: 0.88
Rank: 5, step: 153, io time: 0.88
Rank: 4, step: 153, io time: 0.88
Rank: 1, step: 154, io time: 0.92
Rank: 0, step: 154, io time: 0.90
Rank: 2, step: 154, io time: 0.90
Rank: 3, step: 154, io time: 0.94
Rank: 5, step: 154, io time: 0.92
Rank: 4, step: 154, io time: 0.92
Rank: 1, step: 155, io time: 0.92
Rank: 0, step: 155, io time: 0.92
Rank: 2, step: 155, io time: 0.92
Rank: 3, step: 155, io time: 0.88
Rank: 5, step: 155, io time: 0.88
Rank: 4, step: 155, io time: 0.88
Rank: 1, step: 156, io time: 0.84
Rank: 0, step: 156, io time: 0.84
Rank: 2, step: 156, io time: 0.84
Rank: 3, step: 156, io time: 0.95
Rank: 5, step: 156, io time: 0.91
Rank: 4, step: 156, io time: 0.91
Rank: 1, step: 157, io time: 0.95
Rank: 2, step: 157, io time: 0.95
Rank: 0, step: 157, io time: 0.95
Rank: 3, step: 157, io time: 0.86
Rank: 5, step: 157, io time: 0.94
Rank: 4, step: 157, io time: 0.94
Rank: 1, step: 158, io time: 0.94
Rank: 2, step: 158, io time: 0.94
Rank: 0, step: 158, io time: 0.94
Rank: 3, step: 158, io time: 0.92
Rank: 5, step: 158, io time: 0.91
Rank: 4, step: 158, io time: 0.91
Rank: 1, step: 159, io time: 0.89
Rank: 0, step: 159, io time: 0.89
Rank: 2, step: 159, io time: 0.89
Rank: 3, step: 159, io time: 0.93
Rank: 5, step: 159, io time: 0.86
Rank: 4, step: 159, io time: 0.86
Rank: 1, step: 160, io time: 0.93
Rank: 2, step: 160, io time: 0.93
Rank: 0, step: 160, io time: 0.93
Rank: 3, step: 160, io time: 0.89
Rank: 5, step: 160, io time: 0.93
Rank: 4, step: 160, io time: 0.93
Rank: 1, step: 161, io time: 0.94
Rank: 2, step: 161, io time: 0.94
Rank: 0, step: 161, io time: 0.94
Rank: 3, step: 161, io time: 0.94
Rank: 5, step: 161, io time: 0.94
Rank: 4, step: 161, io time: 0.94
Rank: 1, step: 162, io time: 0.92
Rank: 2, step: 162, io time: 0.88
Rank: 0, step: 162, io time: 0.88
Rank: 3, step: 162, io time: 0.92
Rank: 5, step: 162, io time: 0.92
Rank: 4, step: 162, io time: 0.92
Rank: 1, step: 163, io time: 0.88
Rank: 0, step: 163, io time: 0.92
Rank: 2, step: 163, io time: 0.92
Rank: 3, step: 163, io time: 0.88
Rank: 5, step: 163, io time: 0.88
Rank: 4, step: 163, io time: 0.88
Rank: 1, step: 164, io time: 0.88
Rank: 0, step: 164, io time: 0.88
Rank: 2, step: 164, io time: 0.88
Rank: 3, step: 164, io time: 0.88
Rank: 5, step: 164, io time: 0.88
Rank: 4, step: 164, io time: 0.88
Rank: 1, step: 165, io time: 0.90
Rank: 2, step: 165, io time: 0.85
Rank: 0, step: 165, io time: 0.86
Rank: 3, step: 165, io time: 0.96
Rank: 5, step: 165, io time: 0.96
Rank: 4, step: 165, io time: 0.96
Rank: 1, step: 166, io time: 0.90
Rank: 2, step: 166, io time: 0.95
Rank: 0, step: 166, io time: 0.94
Rank: 3, step: 166, io time: 0.87
Rank: 5, step: 166, io time: 0.87
Rank: 4, step: 166, io time: 0.87
Rank: 1, step: 167, io time: 0.91
Rank: 0, step: 167, io time: 0.91
Rank: 2, step: 167, io time: 0.91
Rank: 3, step: 167, io time: 0.91
Rank: 5, step: 167, io time: 0.91
Rank: 4, step: 167, io time: 0.91
Rank: 1, step: 168, io time: 0.95
Rank: 0, step: 168, io time: 0.95
Rank: 2, step: 168, io time: 0.95
Rank: 3, step: 168, io time: 0.98
Rank: 5, step: 168, io time: 0.98
Rank: 4, step: 168, io time: 0.98
Rank: 1, step: 169, io time: 0.90
Rank: 2, step: 169, io time: 0.90
Rank: 0, step: 169, io time: 0.90
Rank: 3, step: 169, io time: 0.91
Rank: 5, step: 169, io time: 0.89
Rank: 4, step: 169, io time: 0.89
Rank: 1, step: 170, io time: 0.93
Rank: 2, step: 170, io time: 0.93
Rank: 0, step: 170, io time: 0.93
Rank: 3, step: 170, io time: 0.86
Rank: 5, step: 170, io time: 0.89
Rank: 4, step: 170, io time: 0.89
Rank: 1, step: 171, io time: 0.91
Rank: 0, step: 171, io time: 0.91
Rank: 2, step: 171, io time: 0.91
Rank: 3, step: 171, io time: 0.91
Rank: 5, step: 171, io time: 0.90
Rank: 4, step: 171, io time: 0.90
Rank: 1, step: 172, io time: 0.88
Rank: 2, step: 172, io time: 0.88
Rank: 0, step: 172, io time: 0.88
Rank: 3, step: 172, io time: 0.92
Rank: 5, step: 172, io time: 0.88
Rank: 4, step: 172, io time: 0.92
Rank: 1, step: 173, io time: 0.93
Rank: 0, step: 173, io time: 0.93
Rank: 2, step: 173, io time: 0.93
Rank: 3, step: 173, io time: 0.89
Rank: 5, step: 173, io time: 0.93
Rank: 4, step: 173, io time: 0.89
Rank: 1, step: 174, io time: 0.92
Rank: 0, step: 174, io time: 0.92
Rank: 2, step: 174, io time: 0.92
Rank: 3, step: 174, io time: 0.92
Rank: 5, step: 174, io time: 0.92
Rank: 4, step: 174, io time: 0.92
Rank: 1, step: 175, io time: 0.93
Rank: 2, step: 175, io time: 0.89
Rank: 0, step: 175, io time: 0.89
Rank: 3, step: 175, io time: 0.93
Rank: 5, step: 175, io time: 0.89
Rank: 4, step: 175, io time: 0.93
Rank: 0, open time: 0.00, total io time: 116.48, close time: 0.00
